src/app/dashboard/admin/page.tsx(180,10): error TS1005: '>' expected.
src/app/dashboard/announcements/page.tsx(316,5): error TS1005: '}' expected.
src/app/dashboard/members/page.tsx(100,3): error TS1434: Unexpected keyword or identifier.
src/app/dashboard/members/page.tsx(100,36): error TS1005: ',' expected.
src/app/dashboard/members/page.tsx(100,46): error TS1005: ';' expected.
src/app/dashboard/members/page.tsx(168,19): error TS1145: '{' or JSX element expected.
src/app/dashboard/members/page.tsx(194,11): error TS1109: Expression expected.
src/app/dashboard/members/page.tsx(195,11): error TS1005: ':' expected.
src/app/dashboard/members/page.tsx(199,10): error TS1382: Unexpected token. Did you mean `{'>'}` or `&gt;`?
src/app/dashboard/members/page.tsx(202,8): error TS1381: Unexpected token. Did you mean `{'}'}` or `&rbrace;`?
src/app/dashboard/settings/page.tsx(267,12): error TS1005: '>' expected.
src/app/dashboard/settings/page.tsx(268,5): error TS1128: Declaration or statement expected.
